Loading weights:   0%|          | 0/355 [00:00<?, ?it/s]Loading weights: 100%|██████████| 355/355 [00:00<00:00, 4903.53it/s]
seed1 real 0/209 9s
seed1 real 40/209 11s
seed1 real 80/209 14s
seed1 real 120/209 16s
seed1 real 160/209 18s
seed1 real 200/209 21s
seed2 real 0/209 21s
seed2 real 40/209 24s
seed2 real 80/209 26s
seed2 real 120/209 28s
seed2 real 160/209 31s
seed2 real 200/209 33s
seed3 real 0/209 34s
seed3 real 40/209 36s
seed3 real 80/209 38s
seed3 real 120/209 41s
seed3 real 160/209 43s
seed3 real 200/209 45s
REPRODUCTION PASS {"1": {"landslide": {"e2_real": {"n": 44, "reproduction_rate": 1.0, "parse_failure_rate": 0.0}, "e3_real": {"n": 44, "reproduction_rate": 1.0, "parse_failure_rate": 0.0}}, "flood": {"e2_real": {"n": 165, "reproduction_rate": 1.0, "parse_failure_rate": 0.0}, "e3_real": {"n": 165, "reproduction_rate": 1.0, "parse_failure_rate": 0.0}}}, "2": {"landslide": {"e2_real": {"n": 44, "reproduction_rate": 1.0, "parse_failure_rate": 0.0}, "e3_real": {"n": 44, "reproduction_rate": 1.0, "parse_failure_rate": 0.0}}, "flood": {"e2_real": {"n": 165, "reproduction_rate": 1.0, "parse_failure_rate": 0.0}, "e3_real": {"n": 165, "reproduction_rate": 1.0, "parse_failure_rate": 0.0}}}, "3": {"landslide": {"e2_real": {"n": 44, "reproduction_rate": 1.0, "parse_failure_rate": 0.0}, "e3_real": {"n": 44, "reproduction_rate": 1.0, "parse_failure_rate": 0.0}}, "flood": {"e2_real": {"n": 165, "reproduction_rate": 1.0, "parse_failure_rate": 0.0}, "e3_real": {"n": 165, "reproduction_rate": 1.0, "parse_failure_rate": 0.0}}}}
seed1 delta_only 0/209 46s
seed1 delta_only 40/209 48s
seed1 delta_only 80/209 50s
seed1 delta_only 120/209 53s
seed1 delta_only 160/209 55s
seed1 delta_only 200/209 57s
seed1 delta_sign_flip 0/209 58s
seed1 delta_sign_flip 40/209 60s
seed1 delta_sign_flip 80/209 63s
seed1 delta_sign_flip 120/209 65s
seed1 delta_sign_flip 160/209 69s
seed1 delta_sign_flip 200/209 72s
seed1 delta_feature_permute 0/209 72s
seed1 delta_feature_permute 40/209 75s
seed1 delta_feature_permute 80/209 77s
seed1 delta_feature_permute 120/209 79s
seed1 delta_feature_permute 160/209 82s
seed1 delta_feature_permute 200/209 84s
seed2 delta_only 0/209 85s
seed2 delta_only 40/209 87s
seed2 delta_only 80/209 89s
seed2 delta_only 120/209 92s
seed2 delta_only 160/209 94s
seed2 delta_only 200/209 96s
seed2 delta_sign_flip 0/209 97s
seed2 delta_sign_flip 40/209 99s
seed2 delta_sign_flip 80/209 102s
seed2 delta_sign_flip 120/209 104s
seed2 delta_sign_flip 160/209 106s
seed2 delta_sign_flip 200/209 109s
seed2 delta_feature_permute 0/209 109s
seed2 delta_feature_permute 40/209 112s
seed2 delta_feature_permute 80/209 114s
seed2 delta_feature_permute 120/209 116s
seed2 delta_feature_permute 160/209 119s
seed2 delta_feature_permute 200/209 121s
seed3 delta_only 0/209 122s
seed3 delta_only 40/209 124s
seed3 delta_only 80/209 126s
seed3 delta_only 120/209 129s
seed3 delta_only 160/209 131s
seed3 delta_only 200/209 133s
seed3 delta_sign_flip 0/209 134s
seed3 delta_sign_flip 40/209 136s
seed3 delta_sign_flip 80/209 138s
seed3 delta_sign_flip 120/209 141s
seed3 delta_sign_flip 160/209 143s
seed3 delta_sign_flip 200/209 145s
seed3 delta_feature_permute 0/209 146s
seed3 delta_feature_permute 40/209 148s
seed3 delta_feature_permute 80/209 151s
seed3 delta_feature_permute 120/209 153s
seed3 delta_feature_permute 160/209 155s
seed3 delta_feature_permute 200/209 158s
E4 DONE mixed_or_inconclusive
