{"event": "extracted", "scene": 1, "native_shape": [1, 30, 30, 1, 3, 192], "elapsed": 5.924334324896336}
{"event": "extracted", "scene": 2, "native_shape": [1, 30, 30, 1, 3, 192], "elapsed": 6.198320023715496}
{"event": "extracted", "scene": 3, "native_shape": [1, 30, 30, 1, 3, 192], "elapsed": 6.46105770021677}
{"event": "extracted", "scene": 4, "native_shape": [1, 30, 30, 1, 3, 192], "elapsed": 6.789342876523733}
{"event": "extracted", "scene": 5, "native_shape": [1, 30, 30, 1, 3, 192], "elapsed": 7.121251851320267}
{"event": "extracted", "scene": 6, "native_shape": [1, 30, 30, 1, 3, 192], "elapsed": 7.4558774791657925}
{"event": "extracted", "scene": 7, "native_shape": [1, 30, 30, 1, 3, 192], "elapsed": 7.7280875742435455}
{"event": "extracted", "scene": 8, "native_shape": [1, 30, 30, 1, 3, 192], "elapsed": 8.024874601513147}
{"event": "extracted", "scene": 9, "native_shape": [1, 30, 30, 1, 3, 192], "elapsed": 8.313147123903036}
{"event": "extracted", "scene": 10, "native_shape": [1, 30, 30, 1, 3, 192], "elapsed": 8.585301201790571}
{"event": "extracted", "scene": 11, "native_shape": [1, 30, 30, 1, 3, 192], "elapsed": 8.887917798012495}
{"event": "extracted", "scene": 12, "native_shape": [1, 30, 30, 1, 3, 192], "elapsed": 9.210712809115648}
{"event": "extracted", "scene": 13, "native_shape": [1, 30, 30, 1, 3, 192], "elapsed": 9.549091052263975}
{"event": "extracted", "scene": 14, "native_shape": [1, 30, 30, 1, 3, 192], "elapsed": 9.913793884217739}
{"event": "extracted", "scene": 15, "native_shape": [1, 30, 30, 1, 3, 192], "elapsed": 10.241745874285698}
{"event": "extracted", "scene": 16, "native_shape": [1, 30, 30, 1, 3, 192], "elapsed": 10.55760269984603}
{"event": "extracted", "scene": 17, "native_shape": [1, 30, 30, 1, 3, 192], "elapsed": 10.845145765691996}
{"event": "extracted", "scene": 18, "native_shape": [1, 30, 30, 1, 3, 192], "elapsed": 11.132862564176321}
{"event": "extracted", "scene": 19, "native_shape": [1, 30, 30, 1, 3, 192], "elapsed": 11.446406405419111}
{"event": "extracted", "scene": 20, "native_shape": [1, 30, 30, 1, 3, 192], "elapsed": 11.760276537388563}
{"event": "completed", "summary": {"full": {"scene_count": 20, "mean_scene_mse": 0.03502292613968555, "mean_scene_mae": 0.12450431081386178, "median_scene_mae": 0.07771295051406456, "mean_scene_bias": 0.027637063458506694, "mean_within_scene_r2": -36.19839626598464}, "pool4_nearest": {"scene_count": 20, "mean_scene_mse": 0.04538166998015858, "mean_scene_mae": 0.1552696350627632, "median_scene_mae": 0.123458079948178, "mean_scene_bias": 0.0319218296207758, "mean_within_scene_r2": -35.82926968544365}, "pool8_nearest": {"scene_count": 20, "mean_scene_mse": 0.04081110666559508, "mean_scene_mae": 0.14578300797515925, "median_scene_mae": 0.11284273007580513, "mean_scene_bias": 0.029795105561518802, "mean_within_scene_r2": -33.64098026949641}, "coordinates": {"scene_count": 20, "mean_scene_mse": 0.09955797701913335, "mean_scene_mae": 0.2724511796432716, "median_scene_mae": 0.24587524937116162, "mean_scene_bias": 4.163336342344337e-18, "mean_within_scene_r2": -42.743353828052875}, "train_mean": {"scene_count": 20, "mean_scene_mse": 0.09938126151994339, "mean_scene_mae": 0.27214136404438005, "median_scene_mae": 0.2458806083936265, "mean_scene_bias": -2.3592239273284576e-17, "mean_within_scene_r2": -42.73611982234839}}}
