Loading weights:   0%|          | 0/355 [00:00<?, ?it/s]Loading weights: 100%|██████████| 355/355 [00:00<00:00, 4893.53it/s]
E5 seed=1 arm=full step=25/1590 loss=1.102247
E5 seed=1 arm=full step=50/1590 loss=0.072045
E5 seed=1 arm=full step=75/1590 loss=0.234641
E5 seed=1 arm=full step=100/1590 loss=0.139078
E5 seed=1 arm=full step=125/1590 loss=0.103169
E5 seed=1 arm=full step=150/1590 loss=0.022540
E5 seed=1 arm=full step=175/1590 loss=0.104772
E5 seed=1 arm=full step=200/1590 loss=0.420416
E5 seed=1 arm=full step=225/1590 loss=0.055088
E5 seed=1 arm=full step=250/1590 loss=0.014170
E5 seed=1 arm=full step=275/1590 loss=0.554155
E5 seed=1 arm=full step=300/1590 loss=0.046291
E5 seed=1 arm=full step=325/1590 loss=0.043828
E5 seed=1 arm=full step=350/1590 loss=0.050640
E5 seed=1 arm=full step=375/1590 loss=0.052099
E5 seed=1 arm=full step=400/1590 loss=0.053768
E5 seed=1 arm=full step=425/1590 loss=0.032129
E5 seed=1 arm=full step=450/1590 loss=0.362442
E5 seed=1 arm=full step=475/1590 loss=0.123635
E5 seed=1 arm=full step=500/1590 loss=0.017575
E5 seed=1 arm=full step=525/1590 loss=0.014765
E5 seed=1 arm=full step=550/1590 loss=0.033030
E5 seed=1 arm=full step=575/1590 loss=0.092849
E5 seed=1 arm=full step=600/1590 loss=0.033573
E5 seed=1 arm=full step=625/1590 loss=0.023758
E5 seed=1 arm=full step=650/1590 loss=0.020732
E5 seed=1 arm=full step=675/1590 loss=0.089729
E5 seed=1 arm=full step=700/1590 loss=0.086059
E5 seed=1 arm=full step=725/1590 loss=0.011279
E5 seed=1 arm=full step=750/1590 loss=0.005853
E5 seed=1 arm=full step=775/1590 loss=0.211177
E5 seed=1 arm=full step=800/1590 loss=0.025179
E5 seed=1 arm=full step=825/1590 loss=0.317439
E5 seed=1 arm=full step=850/1590 loss=0.038110
E5 seed=1 arm=full step=875/1590 loss=0.089101
E5 seed=1 arm=full step=900/1590 loss=0.095554
E5 seed=1 arm=full step=925/1590 loss=0.013654
E5 seed=1 arm=full step=950/1590 loss=0.012835
E5 seed=1 arm=full step=975/1590 loss=0.174388
E5 seed=1 arm=full step=1000/1590 loss=0.041511
E5 seed=1 arm=full step=1025/1590 loss=0.145016
E5 seed=1 arm=full step=1050/1590 loss=0.131205
E5 seed=1 arm=full step=1075/1590 loss=0.005420
E5 seed=1 arm=full step=1100/1590 loss=0.004309
E5 seed=1 arm=full step=1125/1590 loss=0.053245
E5 seed=1 arm=full step=1150/1590 loss=0.009654
E5 seed=1 arm=full step=1175/1590 loss=0.002258
E5 seed=1 arm=full step=1200/1590 loss=0.018008
E5 seed=1 arm=full step=1225/1590 loss=0.003002
E5 seed=1 arm=full step=1250/1590 loss=0.013256
E5 seed=1 arm=full step=1275/1590 loss=0.008332
E5 seed=1 arm=full step=1300/1590 loss=0.010541
E5 seed=1 arm=full step=1325/1590 loss=0.051865
E5 seed=1 arm=full step=1350/1590 loss=0.000749
E5 seed=1 arm=full step=1375/1590 loss=0.004376
E5 seed=1 arm=full step=1400/1590 loss=0.008730
E5 seed=1 arm=full step=1425/1590 loss=0.047227
E5 seed=1 arm=full step=1450/1590 loss=0.005799
E5 seed=1 arm=full step=1475/1590 loss=0.047952
E5 seed=1 arm=full step=1500/1590 loss=0.174153
E5 seed=1 arm=full step=1525/1590 loss=0.007773
E5 seed=1 arm=full step=1550/1590 loss=0.020469
E5 seed=1 arm=full step=1575/1590 loss=0.127061
E5 seed=1 arm=pair step=25/1590 loss=0.733219
E5 seed=1 arm=pair step=50/1590 loss=0.307828
E5 seed=1 arm=pair step=75/1590 loss=0.399665
E5 seed=1 arm=pair step=100/1590 loss=0.125984
E5 seed=1 arm=pair step=125/1590 loss=0.386532
E5 seed=1 arm=pair step=150/1590 loss=0.191546
E5 seed=1 arm=pair step=175/1590 loss=0.202263
E5 seed=1 arm=pair step=200/1590 loss=0.641546
E5 seed=1 arm=pair step=225/1590 loss=0.245991
E5 seed=1 arm=pair step=250/1590 loss=0.055335
E5 seed=1 arm=pair step=275/1590 loss=0.288611
E5 seed=1 arm=pair step=300/1590 loss=0.155952
E5 seed=1 arm=pair step=325/1590 loss=0.212423
E5 seed=1 arm=pair step=350/1590 loss=0.239237
E5 seed=1 arm=pair step=375/1590 loss=0.369139
E5 seed=1 arm=pair step=400/1590 loss=0.334549
E5 seed=1 arm=pair step=425/1590 loss=0.310958
E5 seed=1 arm=pair step=450/1590 loss=0.074848
E5 seed=1 arm=pair step=475/1590 loss=0.121862
E5 seed=1 arm=pair step=500/1590 loss=0.014060
E5 seed=1 arm=pair step=525/1590 loss=0.134775
E5 seed=1 arm=pair step=550/1590 loss=0.045443
E5 seed=1 arm=pair step=575/1590 loss=0.212339
E5 seed=1 arm=pair step=600/1590 loss=0.057005
E5 seed=1 arm=pair step=625/1590 loss=0.083542
E5 seed=1 arm=pair step=650/1590 loss=0.130175
E5 seed=1 arm=pair step=675/1590 loss=0.039864
E5 seed=1 arm=pair step=700/1590 loss=0.152567
E5 seed=1 arm=pair step=725/1590 loss=0.019428
E5 seed=1 arm=pair step=750/1590 loss=0.062764
E5 seed=1 arm=pair step=775/1590 loss=0.100156
E5 seed=1 arm=pair step=800/1590 loss=0.443090
E5 seed=1 arm=pair step=825/1590 loss=0.268691
E5 seed=1 arm=pair step=850/1590 loss=0.026678
E5 seed=1 arm=pair step=875/1590 loss=0.494779
E5 seed=1 arm=pair step=900/1590 loss=0.150593
E5 seed=1 arm=pair step=925/1590 loss=0.095428
E5 seed=1 arm=pair step=950/1590 loss=0.040359
E5 seed=1 arm=pair step=975/1590 loss=0.190714
E5 seed=1 arm=pair step=1000/1590 loss=0.131283
E5 seed=1 arm=pair step=1025/1590 loss=0.048907
E5 seed=1 arm=pair step=1050/1590 loss=0.122427
E5 seed=1 arm=pair step=1075/1590 loss=0.064533
E5 seed=1 arm=pair step=1100/1590 loss=0.097181
E5 seed=1 arm=pair step=1125/1590 loss=0.225096
E5 seed=1 arm=pair step=1150/1590 loss=0.133582
E5 seed=1 arm=pair step=1175/1590 loss=0.021339
E5 seed=1 arm=pair step=1200/1590 loss=0.036086
E5 seed=1 arm=pair step=1225/1590 loss=0.010962
E5 seed=1 arm=pair step=1250/1590 loss=0.102911
E5 seed=1 arm=pair step=1275/1590 loss=0.283971
E5 seed=1 arm=pair step=1300/1590 loss=0.051093
E5 seed=1 arm=pair step=1325/1590 loss=0.065952
E5 seed=1 arm=pair step=1350/1590 loss=0.058810
E5 seed=1 arm=pair step=1375/1590 loss=0.142915
E5 seed=1 arm=pair step=1400/1590 loss=0.048186
E5 seed=1 arm=pair step=1425/1590 loss=0.125429
E5 seed=1 arm=pair step=1450/1590 loss=0.028392
E5 seed=1 arm=pair step=1475/1590 loss=0.128139
E5 seed=1 arm=pair step=1500/1590 loss=0.214792
E5 seed=1 arm=pair step=1525/1590 loss=0.017446
E5 seed=1 arm=pair step=1550/1590 loss=0.043890
E5 seed=1 arm=pair step=1575/1590 loss=0.083182
E5 seed=1 arm=later step=25/1590 loss=0.725039
E5 seed=1 arm=later step=50/1590 loss=0.152518
E5 seed=1 arm=later step=75/1590 loss=0.398684
E5 seed=1 arm=later step=100/1590 loss=0.113042
E5 seed=1 arm=later step=125/1590 loss=0.348809
E5 seed=1 arm=later step=150/1590 loss=0.146372
E5 seed=1 arm=later step=175/1590 loss=0.201775
E5 seed=1 arm=later step=200/1590 loss=0.492566
E5 seed=1 arm=later step=225/1590 loss=0.254065
E5 seed=1 arm=later step=250/1590 loss=0.087862
E5 seed=1 arm=later step=275/1590 loss=0.306306
E5 seed=1 arm=later step=300/1590 loss=0.172059
E5 seed=1 arm=later step=325/1590 loss=0.111518
E5 seed=1 arm=later step=350/1590 loss=0.202746
E5 seed=1 arm=later step=375/1590 loss=0.226833
E5 seed=1 arm=later step=400/1590 loss=0.149706
E5 seed=1 arm=later step=425/1590 loss=0.241176
E5 seed=1 arm=later step=450/1590 loss=0.074547
E5 seed=1 arm=later step=475/1590 loss=0.092672
E5 seed=1 arm=later step=500/1590 loss=0.045145
E5 seed=1 arm=later step=525/1590 loss=0.159688
E5 seed=1 arm=later step=550/1590 loss=0.098822
E5 seed=1 arm=later step=575/1590 loss=0.119217
E5 seed=1 arm=later step=600/1590 loss=0.178860
E5 seed=1 arm=later step=625/1590 loss=0.202949
E5 seed=1 arm=later step=650/1590 loss=0.106514
E5 seed=1 arm=later step=675/1590 loss=0.018785
E5 seed=1 arm=later step=700/1590 loss=0.128281
E5 seed=1 arm=later step=725/1590 loss=0.108681
E5 seed=1 arm=later step=750/1590 loss=0.024591
E5 seed=1 arm=later step=775/1590 loss=0.061374
E5 seed=1 arm=later step=800/1590 loss=0.193761
E5 seed=1 arm=later step=825/1590 loss=0.503978
E5 seed=1 arm=later step=850/1590 loss=0.084354
E5 seed=1 arm=later step=875/1590 loss=0.772691
E5 seed=1 arm=later step=900/1590 loss=0.134602
E5 seed=1 arm=later step=925/1590 loss=0.088894
E5 seed=1 arm=later step=950/1590 loss=0.125658
E5 seed=1 arm=later step=975/1590 loss=0.134926
E5 seed=1 arm=later step=1000/1590 loss=0.159139
E5 seed=1 arm=later step=1025/1590 loss=0.058611
E5 seed=1 arm=later step=1050/1590 loss=0.233740
E5 seed=1 arm=later step=1075/1590 loss=0.041123
E5 seed=1 arm=later step=1100/1590 loss=0.108089
E5 seed=1 arm=later step=1125/1590 loss=0.216025
E5 seed=1 arm=later step=1150/1590 loss=0.247282
E5 seed=1 arm=later step=1175/1590 loss=0.015425
E5 seed=1 arm=later step=1200/1590 loss=0.069362
E5 seed=1 arm=later step=1225/1590 loss=0.094533
E5 seed=1 arm=later step=1250/1590 loss=0.053306
E5 seed=1 arm=later step=1275/1590 loss=0.336060
E5 seed=1 arm=later step=1300/1590 loss=0.100543
E5 seed=1 arm=later step=1325/1590 loss=0.070298
E5 seed=1 arm=later step=1350/1590 loss=0.038916
E5 seed=1 arm=later step=1375/1590 loss=0.161999
E5 seed=1 arm=later step=1400/1590 loss=0.246305
E5 seed=1 arm=later step=1425/1590 loss=0.120447
E5 seed=1 arm=later step=1450/1590 loss=0.009309
E5 seed=1 arm=later step=1475/1590 loss=0.180428
E5 seed=1 arm=later step=1500/1590 loss=0.274101
E5 seed=1 arm=later step=1525/1590 loss=0.027517
E5 seed=1 arm=later step=1550/1590 loss=0.041291
E5 seed=1 arm=later step=1575/1590 loss=0.055639
E5 seed=1 arm=delta step=25/1590 loss=1.584001
E5 seed=1 arm=delta step=50/1590 loss=0.069247
E5 seed=1 arm=delta step=75/1590 loss=0.391753
E5 seed=1 arm=delta step=100/1590 loss=0.184977
E5 seed=1 arm=delta step=125/1590 loss=0.249950
E5 seed=1 arm=delta step=150/1590 loss=0.016963
E5 seed=1 arm=delta step=175/1590 loss=0.129809
E5 seed=1 arm=delta step=200/1590 loss=0.404158
E5 seed=1 arm=delta step=225/1590 loss=0.074256
E5 seed=1 arm=delta step=250/1590 loss=0.027172
E5 seed=1 arm=delta step=275/1590 loss=0.357391
E5 seed=1 arm=delta step=300/1590 loss=0.035025
E5 seed=1 arm=delta step=325/1590 loss=0.028347
E5 seed=1 arm=delta step=350/1590 loss=0.098867
E5 seed=1 arm=delta step=375/1590 loss=0.026895
E5 seed=1 arm=delta step=400/1590 loss=0.034428
E5 seed=1 arm=delta step=425/1590 loss=0.003985
E5 seed=1 arm=delta step=450/1590 loss=0.280048
E5 seed=1 arm=delta step=475/1590 loss=0.133352
E5 seed=1 arm=delta step=500/1590 loss=0.018113
E5 seed=1 arm=delta step=525/1590 loss=0.012315
E5 seed=1 arm=delta step=550/1590 loss=0.086572
E5 seed=1 arm=delta step=575/1590 loss=0.105788
E5 seed=1 arm=delta step=600/1590 loss=0.034233
E5 seed=1 arm=delta step=625/1590 loss=0.008710
E5 seed=1 arm=delta step=650/1590 loss=0.010241
E5 seed=1 arm=delta step=675/1590 loss=0.247845
E5 seed=1 arm=delta step=700/1590 loss=0.079632
E5 seed=1 arm=delta step=725/1590 loss=0.022828
E5 seed=1 arm=delta step=750/1590 loss=0.002354
E5 seed=1 arm=delta step=775/1590 loss=0.125783
E5 seed=1 arm=delta step=800/1590 loss=0.023311
E5 seed=1 arm=delta step=825/1590 loss=0.264263
E5 seed=1 arm=delta step=850/1590 loss=0.019694
E5 seed=1 arm=delta step=875/1590 loss=0.025972
E5 seed=1 arm=delta step=900/1590 loss=0.076977
E5 seed=1 arm=delta step=925/1590 loss=0.029570
E5 seed=1 arm=delta step=950/1590 loss=0.026775
E5 seed=1 arm=delta step=975/1590 loss=0.149237
E5 seed=1 arm=delta step=1000/1590 loss=0.028687
E5 seed=1 arm=delta step=1025/1590 loss=0.107220
E5 seed=1 arm=delta step=1050/1590 loss=0.143625
E5 seed=1 arm=delta step=1075/1590 loss=0.005814
E5 seed=1 arm=delta step=1100/1590 loss=0.004108
E5 seed=1 arm=delta step=1125/1590 loss=0.066509
E5 seed=1 arm=delta step=1150/1590 loss=0.011367
E5 seed=1 arm=delta step=1175/1590 loss=0.004441
E5 seed=1 arm=delta step=1200/1590 loss=0.002113
E5 seed=1 arm=delta step=1225/1590 loss=0.001322
E5 seed=1 arm=delta step=1250/1590 loss=0.061028
E5 seed=1 arm=delta step=1275/1590 loss=0.002142
E5 seed=1 arm=delta step=1300/1590 loss=0.038428
E5 seed=1 arm=delta step=1325/1590 loss=0.020389
E5 seed=1 arm=delta step=1350/1590 loss=0.000275
E5 seed=1 arm=delta step=1375/1590 loss=0.005242
E5 seed=1 arm=delta step=1400/1590 loss=0.024928
E5 seed=1 arm=delta step=1425/1590 loss=0.057236
E5 seed=1 arm=delta step=1450/1590 loss=0.006262
E5 seed=1 arm=delta step=1475/1590 loss=0.042150
E5 seed=1 arm=delta step=1500/1590 loss=0.217050
E5 seed=1 arm=delta step=1525/1590 loss=0.004780
E5 seed=1 arm=delta step=1550/1590 loss=0.021296
E5 seed=1 arm=delta step=1575/1590 loss=0.058945
E5 seed=2 arm=full step=25/1590 loss=0.131823
E5 seed=2 arm=full step=50/1590 loss=0.166820
E5 seed=2 arm=full step=75/1590 loss=0.256816
E5 seed=2 arm=full step=100/1590 loss=0.077941
E5 seed=2 arm=full step=125/1590 loss=0.133294
E5 seed=2 arm=full step=150/1590 loss=0.136139
E5 seed=2 arm=full step=175/1590 loss=0.262456
E5 seed=2 arm=full step=200/1590 loss=0.047535
E5 seed=2 arm=full step=225/1590 loss=0.027686
E5 seed=2 arm=full step=250/1590 loss=0.136847
E5 seed=2 arm=full step=275/1590 loss=0.341745
E5 seed=2 arm=full step=300/1590 loss=0.207867
E5 seed=2 arm=full step=325/1590 loss=0.357959
E5 seed=2 arm=full step=350/1590 loss=0.016979
E5 seed=2 arm=full step=375/1590 loss=0.143193
E5 seed=2 arm=full step=400/1590 loss=0.036218
E5 seed=2 arm=full step=425/1590 loss=0.052259
E5 seed=2 arm=full step=450/1590 loss=0.114925
E5 seed=2 arm=full step=475/1590 loss=0.051219
E5 seed=2 arm=full step=500/1590 loss=0.095891
E5 seed=2 arm=full step=525/1590 loss=0.130169
E5 seed=2 arm=full step=550/1590 loss=0.068950
E5 seed=2 arm=full step=575/1590 loss=0.009476
E5 seed=2 arm=full step=600/1590 loss=0.163196
E5 seed=2 arm=full step=625/1590 loss=0.031060
E5 seed=2 arm=full step=650/1590 loss=0.075282
E5 seed=2 arm=full step=675/1590 loss=0.060597
E5 seed=2 arm=full step=700/1590 loss=0.184491
E5 seed=2 arm=full step=725/1590 loss=0.191339
E5 seed=2 arm=full step=750/1590 loss=0.109552
E5 seed=2 arm=full step=775/1590 loss=0.133454
E5 seed=2 arm=full step=800/1590 loss=0.011812
E5 seed=2 arm=full step=825/1590 loss=0.024832
E5 seed=2 arm=full step=850/1590 loss=0.017302
E5 seed=2 arm=full step=875/1590 loss=0.008350
E5 seed=2 arm=full step=900/1590 loss=0.002154
E5 seed=2 arm=full step=925/1590 loss=0.015341
E5 seed=2 arm=full step=950/1590 loss=0.060615
E5 seed=2 arm=full step=975/1590 loss=0.031775
E5 seed=2 arm=full step=1000/1590 loss=0.007418
E5 seed=2 arm=full step=1025/1590 loss=0.043682
E5 seed=2 arm=full step=1050/1590 loss=0.001477
E5 seed=2 arm=full step=1075/1590 loss=0.005339
E5 seed=2 arm=full step=1100/1590 loss=0.017247
E5 seed=2 arm=full step=1125/1590 loss=0.009554
E5 seed=2 arm=full step=1150/1590 loss=0.009410
E5 seed=2 arm=full step=1175/1590 loss=0.047526
E5 seed=2 arm=full step=1200/1590 loss=0.000680
E5 seed=2 arm=full step=1225/1590 loss=0.002038
E5 seed=2 arm=full step=1250/1590 loss=0.077358
E5 seed=2 arm=full step=1275/1590 loss=0.085254
E5 seed=2 arm=full step=1300/1590 loss=0.108739
E5 seed=2 arm=full step=1325/1590 loss=0.016119
E5 seed=2 arm=full step=1350/1590 loss=0.013684
E5 seed=2 arm=full step=1375/1590 loss=0.020411
E5 seed=2 arm=full step=1400/1590 loss=0.022358
E5 seed=2 arm=full step=1425/1590 loss=0.010691
E5 seed=2 arm=full step=1450/1590 loss=0.119066
E5 seed=2 arm=full step=1475/1590 loss=0.021326
E5 seed=2 arm=full step=1500/1590 loss=0.009271
E5 seed=2 arm=full step=1525/1590 loss=0.133442
E5 seed=2 arm=full step=1550/1590 loss=0.009275
E5 seed=2 arm=full step=1575/1590 loss=0.020586
E5 seed=2 arm=pair step=25/1590 loss=0.340636
E5 seed=2 arm=pair step=50/1590 loss=0.353300
E5 seed=2 arm=pair step=75/1590 loss=0.334415
E5 seed=2 arm=pair step=100/1590 loss=0.261914
E5 seed=2 arm=pair step=125/1590 loss=0.341398
E5 seed=2 arm=pair step=150/1590 loss=0.302962
E5 seed=2 arm=pair step=175/1590 loss=0.229587
E5 seed=2 arm=pair step=200/1590 loss=0.290442
E5 seed=2 arm=pair step=225/1590 loss=0.046701
E5 seed=2 arm=pair step=250/1590 loss=0.482615
E5 seed=2 arm=pair step=275/1590 loss=0.467768
E5 seed=2 arm=pair step=300/1590 loss=0.239337
E5 seed=2 arm=pair step=325/1590 loss=0.288007
E5 seed=2 arm=pair step=350/1590 loss=0.351799
E5 seed=2 arm=pair step=375/1590 loss=0.307040
E5 seed=2 arm=pair step=400/1590 loss=0.110471
E5 seed=2 arm=pair step=425/1590 loss=0.223085
E5 seed=2 arm=pair step=450/1590 loss=0.053810
E5 seed=2 arm=pair step=475/1590 loss=0.087010
E5 seed=2 arm=pair step=500/1590 loss=0.063079
E5 seed=2 arm=pair step=525/1590 loss=0.143880
E5 seed=2 arm=pair step=550/1590 loss=0.134624
E5 seed=2 arm=pair step=575/1590 loss=0.076278
E5 seed=2 arm=pair step=600/1590 loss=0.178043
E5 seed=2 arm=pair step=625/1590 loss=0.077655
E5 seed=2 arm=pair step=650/1590 loss=0.211951
E5 seed=2 arm=pair step=675/1590 loss=0.016785
E5 seed=2 arm=pair step=700/1590 loss=0.148888
E5 seed=2 arm=pair step=725/1590 loss=0.108494
E5 seed=2 arm=pair step=750/1590 loss=0.200756
E5 seed=2 arm=pair step=775/1590 loss=0.160566
E5 seed=2 arm=pair step=800/1590 loss=0.054550
E5 seed=2 arm=pair step=825/1590 loss=0.028127
E5 seed=2 arm=pair step=850/1590 loss=0.059122
E5 seed=2 arm=pair step=875/1590 loss=0.010064
E5 seed=2 arm=pair step=900/1590 loss=0.155586
E5 seed=2 arm=pair step=925/1590 loss=0.115301
E5 seed=2 arm=pair step=950/1590 loss=0.045592
E5 seed=2 arm=pair step=975/1590 loss=0.132889
E5 seed=2 arm=pair step=1000/1590 loss=0.036877
E5 seed=2 arm=pair step=1025/1590 loss=0.063383
E5 seed=2 arm=pair step=1050/1590 loss=0.004131
E5 seed=2 arm=pair step=1075/1590 loss=0.101751
E5 seed=2 arm=pair step=1100/1590 loss=0.071775
E5 seed=2 arm=pair step=1125/1590 loss=0.009430
E5 seed=2 arm=pair step=1150/1590 loss=0.070164
E5 seed=2 arm=pair step=1175/1590 loss=0.091426
E5 seed=2 arm=pair step=1200/1590 loss=0.036057
E5 seed=2 arm=pair step=1225/1590 loss=0.141278
E5 seed=2 arm=pair step=1250/1590 loss=0.124110
E5 seed=2 arm=pair step=1275/1590 loss=0.110506
E5 seed=2 arm=pair step=1300/1590 loss=0.387286
E5 seed=2 arm=pair step=1325/1590 loss=0.064590
E5 seed=2 arm=pair step=1350/1590 loss=0.031331
E5 seed=2 arm=pair step=1375/1590 loss=0.153267
E5 seed=2 arm=pair step=1400/1590 loss=0.018353
E5 seed=2 arm=pair step=1425/1590 loss=0.208519
E5 seed=2 arm=pair step=1450/1590 loss=0.155298
E5 seed=2 arm=pair step=1475/1590 loss=0.133388
E5 seed=2 arm=pair step=1500/1590 loss=0.011636
E5 seed=2 arm=pair step=1525/1590 loss=0.035198
E5 seed=2 arm=pair step=1550/1590 loss=0.022983
E5 seed=2 arm=pair step=1575/1590 loss=0.054302
E5 seed=2 arm=later step=25/1590 loss=0.350889
E5 seed=2 arm=later step=50/1590 loss=0.281304
E5 seed=2 arm=later step=75/1590 loss=0.223158
E5 seed=2 arm=later step=100/1590 loss=0.182520
E5 seed=2 arm=later step=125/1590 loss=0.452634
E5 seed=2 arm=later step=150/1590 loss=0.260783
E5 seed=2 arm=later step=175/1590 loss=0.265545
E5 seed=2 arm=later step=200/1590 loss=0.205285
E5 seed=2 arm=later step=225/1590 loss=0.069568
E5 seed=2 arm=later step=250/1590 loss=0.355876
E5 seed=2 arm=later step=275/1590 loss=0.421853
E5 seed=2 arm=later step=300/1590 loss=0.252328
E5 seed=2 arm=later step=325/1590 loss=0.359449
E5 seed=2 arm=later step=350/1590 loss=0.198796
E5 seed=2 arm=later step=375/1590 loss=0.329345
E5 seed=2 arm=later step=400/1590 loss=0.283307
E5 seed=2 arm=later step=425/1590 loss=0.233907
E5 seed=2 arm=later step=450/1590 loss=0.010257
E5 seed=2 arm=later step=475/1590 loss=0.094480
E5 seed=2 arm=later step=500/1590 loss=0.132043
E5 seed=2 arm=later step=525/1590 loss=0.177302
E5 seed=2 arm=later step=550/1590 loss=0.081581
E5 seed=2 arm=later step=575/1590 loss=0.116700
E5 seed=2 arm=later step=600/1590 loss=0.246482
E5 seed=2 arm=later step=625/1590 loss=0.086347
E5 seed=2 arm=later step=650/1590 loss=0.118053
E5 seed=2 arm=later step=675/1590 loss=0.068188
E5 seed=2 arm=later step=700/1590 loss=0.134082
E5 seed=2 arm=later step=725/1590 loss=0.220513
E5 seed=2 arm=later step=750/1590 loss=0.187412
E5 seed=2 arm=later step=775/1590 loss=0.232881
E5 seed=2 arm=later step=800/1590 loss=0.084615
E5 seed=2 arm=later step=825/1590 loss=0.113727
E5 seed=2 arm=later step=850/1590 loss=0.083506
E5 seed=2 arm=later step=875/1590 loss=0.048345
E5 seed=2 arm=later step=900/1590 loss=0.109638
E5 seed=2 arm=later step=925/1590 loss=0.070236
E5 seed=2 arm=later step=950/1590 loss=0.391069
E5 seed=2 arm=later step=975/1590 loss=0.218691
E5 seed=2 arm=later step=1000/1590 loss=0.170653
E5 seed=2 arm=later step=1025/1590 loss=0.135831
E5 seed=2 arm=later step=1050/1590 loss=0.056483
E5 seed=2 arm=later step=1075/1590 loss=0.065263
E5 seed=2 arm=later step=1100/1590 loss=0.059981
E5 seed=2 arm=later step=1125/1590 loss=0.018051
E5 seed=2 arm=later step=1150/1590 loss=0.108952
E5 seed=2 arm=later step=1175/1590 loss=0.102556
E5 seed=2 arm=later step=1200/1590 loss=0.129134
E5 seed=2 arm=later step=1225/1590 loss=0.006529
E5 seed=2 arm=later step=1250/1590 loss=0.131165
E5 seed=2 arm=later step=1275/1590 loss=0.353117
E5 seed=2 arm=later step=1300/1590 loss=0.137002
E5 seed=2 arm=later step=1325/1590 loss=0.098712
E5 seed=2 arm=later step=1350/1590 loss=0.153639
E5 seed=2 arm=later step=1375/1590 loss=0.138417
E5 seed=2 arm=later step=1400/1590 loss=0.018393
E5 seed=2 arm=later step=1425/1590 loss=0.016949
E5 seed=2 arm=later step=1450/1590 loss=0.125029
E5 seed=2 arm=later step=1475/1590 loss=0.059937
E5 seed=2 arm=later step=1500/1590 loss=0.014852
E5 seed=2 arm=later step=1525/1590 loss=0.142944
E5 seed=2 arm=later step=1550/1590 loss=0.045098
E5 seed=2 arm=later step=1575/1590 loss=0.041021
E5 seed=2 arm=delta step=25/1590 loss=0.092669
E5 seed=2 arm=delta step=50/1590 loss=0.197811
E5 seed=2 arm=delta step=75/1590 loss=0.342582
E5 seed=2 arm=delta step=100/1590 loss=0.137154
E5 seed=2 arm=delta step=125/1590 loss=0.114954
E5 seed=2 arm=delta step=150/1590 loss=0.193825
E5 seed=2 arm=delta step=175/1590 loss=0.278433
E5 seed=2 arm=delta step=200/1590 loss=0.030673
E5 seed=2 arm=delta step=225/1590 loss=0.018811
E5 seed=2 arm=delta step=250/1590 loss=0.141817
E5 seed=2 arm=delta step=275/1590 loss=0.155050
E5 seed=2 arm=delta step=300/1590 loss=0.189444
E5 seed=2 arm=delta step=325/1590 loss=0.319463
E5 seed=2 arm=delta step=350/1590 loss=0.010283
E5 seed=2 arm=delta step=375/1590 loss=0.120403
E5 seed=2 arm=delta step=400/1590 loss=0.044965
E5 seed=2 arm=delta step=425/1590 loss=0.016551
E5 seed=2 arm=delta step=450/1590 loss=0.080517
E5 seed=2 arm=delta step=475/1590 loss=0.076480
E5 seed=2 arm=delta step=500/1590 loss=0.134599
E5 seed=2 arm=delta step=525/1590 loss=0.083581
E5 seed=2 arm=delta step=550/1590 loss=0.040122
E5 seed=2 arm=delta step=575/1590 loss=0.006601
E5 seed=2 arm=delta step=600/1590 loss=0.123031
E5 seed=2 arm=delta step=625/1590 loss=0.026592
E5 seed=2 arm=delta step=650/1590 loss=0.079724
E5 seed=2 arm=delta step=675/1590 loss=0.007876
E5 seed=2 arm=delta step=700/1590 loss=0.099230
E5 seed=2 arm=delta step=725/1590 loss=0.091612
E5 seed=2 arm=delta step=750/1590 loss=0.087203
E5 seed=2 arm=delta step=775/1590 loss=0.142974
E5 seed=2 arm=delta step=800/1590 loss=0.008018
E5 seed=2 arm=delta step=825/1590 loss=0.017780
E5 seed=2 arm=delta step=850/1590 loss=0.014262
E5 seed=2 arm=delta step=875/1590 loss=0.006443
E5 seed=2 arm=delta step=900/1590 loss=0.005058
E5 seed=2 arm=delta step=925/1590 loss=0.006430
E5 seed=2 arm=delta step=950/1590 loss=0.024901
E5 seed=2 arm=delta step=975/1590 loss=0.035365
E5 seed=2 arm=delta step=1000/1590 loss=0.014486
E5 seed=2 arm=delta step=1025/1590 loss=0.075404
E5 seed=2 arm=delta step=1050/1590 loss=0.001572
E5 seed=2 arm=delta step=1075/1590 loss=0.007867
E5 seed=2 arm=delta step=1100/1590 loss=0.035079
E5 seed=2 arm=delta step=1125/1590 loss=0.005767
E5 seed=2 arm=delta step=1150/1590 loss=0.031192
E5 seed=2 arm=delta step=1175/1590 loss=0.043863
E5 seed=2 arm=delta step=1200/1590 loss=0.001835
E5 seed=2 arm=delta step=1225/1590 loss=0.000921
E5 seed=2 arm=delta step=1250/1590 loss=0.098566
E5 seed=2 arm=delta step=1275/1590 loss=0.037581
E5 seed=2 arm=delta step=1300/1590 loss=0.127723
E5 seed=2 arm=delta step=1325/1590 loss=0.026366
E5 seed=2 arm=delta step=1350/1590 loss=0.015287
E5 seed=2 arm=delta step=1375/1590 loss=0.067351
E5 seed=2 arm=delta step=1400/1590 loss=0.003634
E5 seed=2 arm=delta step=1425/1590 loss=0.027427
E5 seed=2 arm=delta step=1450/1590 loss=0.078262
E5 seed=2 arm=delta step=1475/1590 loss=0.162495
E5 seed=2 arm=delta step=1500/1590 loss=0.025970
E5 seed=2 arm=delta step=1525/1590 loss=0.147253
E5 seed=2 arm=delta step=1550/1590 loss=0.033495
E5 seed=2 arm=delta step=1575/1590 loss=0.012659
E5 seed=3 arm=full step=25/1590 loss=0.040607
E5 seed=3 arm=full step=50/1590 loss=0.247112
E5 seed=3 arm=full step=75/1590 loss=0.078303
E5 seed=3 arm=full step=100/1590 loss=0.251184
E5 seed=3 arm=full step=125/1590 loss=0.128724
E5 seed=3 arm=full step=150/1590 loss=0.038547
E5 seed=3 arm=full step=175/1590 loss=0.071971
E5 seed=3 arm=full step=200/1590 loss=0.166268
E5 seed=3 arm=full step=225/1590 loss=0.048268
E5 seed=3 arm=full step=250/1590 loss=0.095570
E5 seed=3 arm=full step=275/1590 loss=0.128782
E5 seed=3 arm=full step=300/1590 loss=0.167219
E5 seed=3 arm=full step=325/1590 loss=0.164959
E5 seed=3 arm=full step=350/1590 loss=0.008046
E5 seed=3 arm=full step=375/1590 loss=0.119312
E5 seed=3 arm=full step=400/1590 loss=0.025246
E5 seed=3 arm=full step=425/1590 loss=0.362718
E5 seed=3 arm=full step=450/1590 loss=0.100993
E5 seed=3 arm=full step=475/1590 loss=0.101858
E5 seed=3 arm=full step=500/1590 loss=0.004542
E5 seed=3 arm=full step=525/1590 loss=0.052996
E5 seed=3 arm=full step=550/1590 loss=0.217608
E5 seed=3 arm=full step=575/1590 loss=0.040522
E5 seed=3 arm=full step=600/1590 loss=0.018598
E5 seed=3 arm=full step=625/1590 loss=0.024462
E5 seed=3 arm=full step=650/1590 loss=0.019563
E5 seed=3 arm=full step=675/1590 loss=0.113695
E5 seed=3 arm=full step=700/1590 loss=0.053329
E5 seed=3 arm=full step=725/1590 loss=0.032797
E5 seed=3 arm=full step=750/1590 loss=0.042131
E5 seed=3 arm=full step=775/1590 loss=0.009436
E5 seed=3 arm=full step=800/1590 loss=0.059568
E5 seed=3 arm=full step=825/1590 loss=0.003971
E5 seed=3 arm=full step=850/1590 loss=0.016296
E5 seed=3 arm=full step=875/1590 loss=0.176135
E5 seed=3 arm=full step=900/1590 loss=0.023589
E5 seed=3 arm=full step=925/1590 loss=0.112781
E5 seed=3 arm=full step=950/1590 loss=0.069653
E5 seed=3 arm=full step=975/1590 loss=0.134605
E5 seed=3 arm=full step=1000/1590 loss=0.016498
E5 seed=3 arm=full step=1025/1590 loss=0.005352
E5 seed=3 arm=full step=1050/1590 loss=0.004432
E5 seed=3 arm=full step=1075/1590 loss=0.010830
E5 seed=3 arm=full step=1100/1590 loss=0.000998
E5 seed=3 arm=full step=1125/1590 loss=0.011065
E5 seed=3 arm=full step=1150/1590 loss=0.014307
E5 seed=3 arm=full step=1175/1590 loss=0.015775
E5 seed=3 arm=full step=1200/1590 loss=0.001503
E5 seed=3 arm=full step=1225/1590 loss=0.251366
E5 seed=3 arm=full step=1250/1590 loss=0.019778
E5 seed=3 arm=full step=1275/1590 loss=0.014631
E5 seed=3 arm=full step=1300/1590 loss=0.030517
E5 seed=3 arm=full step=1325/1590 loss=0.162466
E5 seed=3 arm=full step=1350/1590 loss=0.034542
E5 seed=3 arm=full step=1375/1590 loss=0.025212
E5 seed=3 arm=full step=1400/1590 loss=0.219754
E5 seed=3 arm=full step=1425/1590 loss=0.162685
E5 seed=3 arm=full step=1450/1590 loss=0.014040
E5 seed=3 arm=full step=1475/1590 loss=0.305690
E5 seed=3 arm=full step=1500/1590 loss=0.001108
E5 seed=3 arm=full step=1525/1590 loss=0.075840
E5 seed=3 arm=full step=1550/1590 loss=0.115630
E5 seed=3 arm=full step=1575/1590 loss=0.060705
E5 seed=3 arm=pair step=25/1590 loss=0.228949
E5 seed=3 arm=pair step=50/1590 loss=0.263185
E5 seed=3 arm=pair step=75/1590 loss=0.362622
E5 seed=3 arm=pair step=100/1590 loss=0.139331
E5 seed=3 arm=pair step=125/1590 loss=0.281728
E5 seed=3 arm=pair step=150/1590 loss=0.162288
E5 seed=3 arm=pair step=175/1590 loss=0.109063
E5 seed=3 arm=pair step=200/1590 loss=0.342652
E5 seed=3 arm=pair step=225/1590 loss=0.104792
E5 seed=3 arm=pair step=250/1590 loss=0.108871
E5 seed=3 arm=pair step=275/1590 loss=0.106834
E5 seed=3 arm=pair step=300/1590 loss=0.106501
E5 seed=3 arm=pair step=325/1590 loss=0.209628
E5 seed=3 arm=pair step=350/1590 loss=0.021839
E5 seed=3 arm=pair step=375/1590 loss=0.097803
E5 seed=3 arm=pair step=400/1590 loss=0.081451
E5 seed=3 arm=pair step=425/1590 loss=0.258982
E5 seed=3 arm=pair step=450/1590 loss=0.108208
E5 seed=3 arm=pair step=475/1590 loss=0.111058
E5 seed=3 arm=pair step=500/1590 loss=0.131750
E5 seed=3 arm=pair step=525/1590 loss=0.107113
E5 seed=3 arm=pair step=550/1590 loss=0.094889
E5 seed=3 arm=pair step=575/1590 loss=0.138208
E5 seed=3 arm=pair step=600/1590 loss=0.036700
E5 seed=3 arm=pair step=625/1590 loss=0.008508
E5 seed=3 arm=pair step=650/1590 loss=0.112794
E5 seed=3 arm=pair step=675/1590 loss=0.077700
E5 seed=3 arm=pair step=700/1590 loss=0.113593
E5 seed=3 arm=pair step=725/1590 loss=0.062163
E5 seed=3 arm=pair step=750/1590 loss=0.079676
E5 seed=3 arm=pair step=775/1590 loss=0.009309
E5 seed=3 arm=pair step=800/1590 loss=0.053095
E5 seed=3 arm=pair step=825/1590 loss=0.056346
E5 seed=3 arm=pair step=850/1590 loss=0.021882
E5 seed=3 arm=pair step=875/1590 loss=0.376336
E5 seed=3 arm=pair step=900/1590 loss=0.048324
E5 seed=3 arm=pair step=925/1590 loss=0.295049
E5 seed=3 arm=pair step=950/1590 loss=0.046016
E5 seed=3 arm=pair step=975/1590 loss=0.084518
E5 seed=3 arm=pair step=1000/1590 loss=0.006776
E5 seed=3 arm=pair step=1025/1590 loss=0.006137
E5 seed=3 arm=pair step=1050/1590 loss=0.056394
E5 seed=3 arm=pair step=1075/1590 loss=0.047973
E5 seed=3 arm=pair step=1100/1590 loss=0.001124
E5 seed=3 arm=pair step=1125/1590 loss=0.198583
E5 seed=3 arm=pair step=1150/1590 loss=0.031561
E5 seed=3 arm=pair step=1175/1590 loss=0.011331
E5 seed=3 arm=pair step=1200/1590 loss=0.010985
E5 seed=3 arm=pair step=1225/1590 loss=0.191532
E5 seed=3 arm=pair step=1250/1590 loss=0.043703
E5 seed=3 arm=pair step=1275/1590 loss=0.027243
E5 seed=3 arm=pair step=1300/1590 loss=0.120196
E5 seed=3 arm=pair step=1325/1590 loss=0.294773
E5 seed=3 arm=pair step=1350/1590 loss=0.027004
E5 seed=3 arm=pair step=1375/1590 loss=0.067256
E5 seed=3 arm=pair step=1400/1590 loss=0.225624
E5 seed=3 arm=pair step=1425/1590 loss=0.169377
E5 seed=3 arm=pair step=1450/1590 loss=0.023724
E5 seed=3 arm=pair step=1475/1590 loss=0.196822
E5 seed=3 arm=pair step=1500/1590 loss=0.003133
E5 seed=3 arm=pair step=1525/1590 loss=0.120546
E5 seed=3 arm=pair step=1550/1590 loss=0.261374
E5 seed=3 arm=pair step=1575/1590 loss=0.045864
E5 seed=3 arm=later step=25/1590 loss=0.140088
E5 seed=3 arm=later step=50/1590 loss=0.214419
E5 seed=3 arm=later step=75/1590 loss=0.509967
E5 seed=3 arm=later step=100/1590 loss=0.152707
E5 seed=3 arm=later step=125/1590 loss=0.406794
E5 seed=3 arm=later step=150/1590 loss=0.289538
E5 seed=3 arm=later step=175/1590 loss=0.300029
E5 seed=3 arm=later step=200/1590 loss=0.348101
E5 seed=3 arm=later step=225/1590 loss=0.070528
E5 seed=3 arm=later step=250/1590 loss=0.291173
E5 seed=3 arm=later step=275/1590 loss=0.166008
E5 seed=3 arm=later step=300/1590 loss=0.192753
E5 seed=3 arm=later step=325/1590 loss=0.190831
E5 seed=3 arm=later step=350/1590 loss=0.100569
E5 seed=3 arm=later step=375/1590 loss=0.059117
E5 seed=3 arm=later step=400/1590 loss=0.148379
E5 seed=3 arm=later step=425/1590 loss=0.246569
E5 seed=3 arm=later step=450/1590 loss=0.142009
E5 seed=3 arm=later step=475/1590 loss=0.080873
E5 seed=3 arm=later step=500/1590 loss=0.186649
E5 seed=3 arm=later step=525/1590 loss=0.253502
E5 seed=3 arm=later step=550/1590 loss=0.072486
E5 seed=3 arm=later step=575/1590 loss=0.146438
E5 seed=3 arm=later step=600/1590 loss=0.121671
E5 seed=3 arm=later step=625/1590 loss=0.031581
E5 seed=3 arm=later step=650/1590 loss=0.289731
E5 seed=3 arm=later step=675/1590 loss=0.115106
E5 seed=3 arm=later step=700/1590 loss=0.085047
E5 seed=3 arm=later step=725/1590 loss=0.093913
E5 seed=3 arm=later step=750/1590 loss=0.056539
E5 seed=3 arm=later step=775/1590 loss=0.045732
E5 seed=3 arm=later step=800/1590 loss=0.068687
E5 seed=3 arm=later step=825/1590 loss=0.061684
E5 seed=3 arm=later step=850/1590 loss=0.064998
E5 seed=3 arm=later step=875/1590 loss=0.143349
E5 seed=3 arm=later step=900/1590 loss=0.023577
E5 seed=3 arm=later step=925/1590 loss=0.673271
E5 seed=3 arm=later step=950/1590 loss=0.086930
E5 seed=3 arm=later step=975/1590 loss=0.169847
E5 seed=3 arm=later step=1000/1590 loss=0.082679
E5 seed=3 arm=later step=1025/1590 loss=0.017506
E5 seed=3 arm=later step=1050/1590 loss=0.106855
E5 seed=3 arm=later step=1075/1590 loss=0.056953
E5 seed=3 arm=later step=1100/1590 loss=0.000555
E5 seed=3 arm=later step=1125/1590 loss=0.267990
E5 seed=3 arm=later step=1150/1590 loss=0.023454
E5 seed=3 arm=later step=1175/1590 loss=0.031366
E5 seed=3 arm=later step=1200/1590 loss=0.027567
E5 seed=3 arm=later step=1225/1590 loss=0.370917
E5 seed=3 arm=later step=1250/1590 loss=0.269745
E5 seed=3 arm=later step=1275/1590 loss=0.194653
E5 seed=3 arm=later step=1300/1590 loss=0.416932
E5 seed=3 arm=later step=1325/1590 loss=0.099954
E5 seed=3 arm=later step=1350/1590 loss=0.137373
E5 seed=3 arm=later step=1375/1590 loss=0.133646
E5 seed=3 arm=later step=1400/1590 loss=0.205536
E5 seed=3 arm=later step=1425/1590 loss=0.106578
E5 seed=3 arm=later step=1450/1590 loss=0.020388
E5 seed=3 arm=later step=1475/1590 loss=0.255900
E5 seed=3 arm=later step=1500/1590 loss=0.023363
E5 seed=3 arm=later step=1525/1590 loss=0.159721
E5 seed=3 arm=later step=1550/1590 loss=0.280298
E5 seed=3 arm=later step=1575/1590 loss=0.076973
E5 seed=3 arm=delta step=25/1590 loss=0.135500
E5 seed=3 arm=delta step=50/1590 loss=0.330173
E5 seed=3 arm=delta step=75/1590 loss=0.028127
E5 seed=3 arm=delta step=100/1590 loss=0.066036
E5 seed=3 arm=delta step=125/1590 loss=0.070427
E5 seed=3 arm=delta step=150/1590 loss=0.073458
E5 seed=3 arm=delta step=175/1590 loss=0.023444
E5 seed=3 arm=delta step=200/1590 loss=0.194021
E5 seed=3 arm=delta step=225/1590 loss=0.064957
E5 seed=3 arm=delta step=250/1590 loss=0.091530
E5 seed=3 arm=delta step=275/1590 loss=0.079036
E5 seed=3 arm=delta step=300/1590 loss=0.085021
E5 seed=3 arm=delta step=325/1590 loss=0.179916
E5 seed=3 arm=delta step=350/1590 loss=0.008256
E5 seed=3 arm=delta step=375/1590 loss=0.071069
E5 seed=3 arm=delta step=400/1590 loss=0.042738
E5 seed=3 arm=delta step=425/1590 loss=0.432026
E5 seed=3 arm=delta step=450/1590 loss=0.059320
E5 seed=3 arm=delta step=475/1590 loss=0.040195
E5 seed=3 arm=delta step=500/1590 loss=0.009034
E5 seed=3 arm=delta step=525/1590 loss=0.024899
E5 seed=3 arm=delta step=550/1590 loss=0.157591
E5 seed=3 arm=delta step=575/1590 loss=0.028139
E5 seed=3 arm=delta step=600/1590 loss=0.027238
E5 seed=3 arm=delta step=625/1590 loss=0.023974
E5 seed=3 arm=delta step=650/1590 loss=0.016787
E5 seed=3 arm=delta step=675/1590 loss=0.139343
E5 seed=3 arm=delta step=700/1590 loss=0.085427
E5 seed=3 arm=delta step=725/1590 loss=0.020312
E5 seed=3 arm=delta step=750/1590 loss=0.028737
E5 seed=3 arm=delta step=775/1590 loss=0.006080
E5 seed=3 arm=delta step=800/1590 loss=0.025920
E5 seed=3 arm=delta step=825/1590 loss=0.028917
E5 seed=3 arm=delta step=850/1590 loss=0.007467
E5 seed=3 arm=delta step=875/1590 loss=0.195065
E5 seed=3 arm=delta step=900/1590 loss=0.024791
E5 seed=3 arm=delta step=925/1590 loss=0.166947
E5 seed=3 arm=delta step=950/1590 loss=0.105368
E5 seed=3 arm=delta step=975/1590 loss=0.131247
E5 seed=3 arm=delta step=1000/1590 loss=0.012844
E5 seed=3 arm=delta step=1025/1590 loss=0.022279
E5 seed=3 arm=delta step=1050/1590 loss=0.015622
E5 seed=3 arm=delta step=1075/1590 loss=0.007262
E5 seed=3 arm=delta step=1100/1590 loss=0.001199
E5 seed=3 arm=delta step=1125/1590 loss=0.013790
E5 seed=3 arm=delta step=1150/1590 loss=0.018689
E5 seed=3 arm=delta step=1175/1590 loss=0.021674
E5 seed=3 arm=delta step=1200/1590 loss=0.000903
E5 seed=3 arm=delta step=1225/1590 loss=0.091962
E5 seed=3 arm=delta step=1250/1590 loss=0.008627
E5 seed=3 arm=delta step=1275/1590 loss=0.010121
E5 seed=3 arm=delta step=1300/1590 loss=0.017516
E5 seed=3 arm=delta step=1325/1590 loss=0.034254
E5 seed=3 arm=delta step=1350/1590 loss=0.014518
E5 seed=3 arm=delta step=1375/1590 loss=0.018339
E5 seed=3 arm=delta step=1400/1590 loss=0.100647
E5 seed=3 arm=delta step=1425/1590 loss=0.119715
E5 seed=3 arm=delta step=1450/1590 loss=0.008935
E5 seed=3 arm=delta step=1475/1590 loss=0.162758
E5 seed=3 arm=delta step=1500/1590 loss=0.000739
E5 seed=3 arm=delta step=1525/1590 loss=0.098884
E5 seed=3 arm=delta step=1550/1590 loss=0.219957
E5 seed=3 arm=delta step=1575/1590 loss=0.081955
E5 COMPLETE mixed_or_inconclusive
