DROPPING non-finite cache tiles: {'train': 0, 'val': 1, 'test': 1}
finite check True True True sc 0.4851762354373932
/home/work/data/olmoearth/code/kurosiwo_pipeline.py:86: UserWarning: Converting a tensor with requires_grad=True to a scalar may lead to unexpected behavior.
Consider using tensor.detach() first. (Triggered internally at /__w/pytorch/pytorch/torch/csrc/autograd/generated/python_variable_methods.cpp:822.)
  if i==0 and ep==1: print("first batch loss",float(l),"grad norm",float(gn),flush=True)
first batch loss 0.27904194593429565 grad norm 1.1132158041000366
epoch 1 val 0.0376 best 0.0376@1
epoch 2 val 0.0372 best 0.0372@2
epoch 3 val 0.0383 best 0.0372@2
epoch 4 val 0.0382 best 0.0372@2
epoch 5 val 0.0396 best 0.0372@2
epoch 6 val 0.0393 best 0.0372@2
epoch 7 val 0.0395 best 0.0372@2
epoch 8 val 0.0400 best 0.0372@2
epoch 9 val 0.0398 best 0.0372@2
epoch 10 val 0.0414 best 0.0372@2
epoch 11 val 0.0410 best 0.0372@2
epoch 12 val 0.0420 best 0.0372@2
epoch 13 val 0.0408 best 0.0372@2
epoch 14 val 0.0422 best 0.0372@2
epoch 15 val 0.0418 best 0.0372@2
epoch 16 val 0.0421 best 0.0372@2
epoch 17 val 0.0422 best 0.0372@2
epoch 18 val 0.0431 best 0.0372@2
epoch 19 val 0.0417 best 0.0372@2
epoch 20 val 0.0416 best 0.0372@2
epoch 21 val 0.0421 best 0.0372@2
epoch 22 val 0.0433 best 0.0372@2
epoch 23 val 0.0431 best 0.0372@2
epoch 24 val 0.0422 best 0.0372@2
epoch 25 val 0.0433 best 0.0372@2
epoch 26 val 0.0424 best 0.0372@2
epoch 27 val 0.0428 best 0.0372@2
epoch 28 val 0.0428 best 0.0372@2
epoch 29 val 0.0427 best 0.0372@2
epoch 30 val 0.0427 best 0.0372@2
DONE update 0.03721794423398313 skipped 0
