DROPPING non-finite cache tiles: {'train': 0, 'val': 1, 'test': 1}
finite check True True True sc 0.4851762354373932
/home/work/data/olmoearth/code/kurosiwo_pipeline.py:86: UserWarning: Converting a tensor with requires_grad=True to a scalar may lead to unexpected behavior.
Consider using tensor.detach() first. (Triggered internally at /__w/pytorch/pytorch/torch/csrc/autograd/generated/python_variable_methods.cpp:822.)
  if i==0 and ep==1: print("first batch loss",float(l),"grad norm",float(gn),flush=True)
first batch loss 0.04192819446325302 grad norm 0.003568357788026333
epoch 1 val 0.0418 best 0.0418@1
epoch 2 val 0.0410 best 0.0410@2
epoch 3 val 0.0412 best 0.0410@2
epoch 4 val 0.0413 best 0.0410@2
epoch 5 val 0.0410 best 0.0410@2
epoch 6 val 0.0415 best 0.0410@2
epoch 7 val 0.0411 best 0.0410@2
epoch 8 val 0.0412 best 0.0410@2
epoch 9 val 0.0414 best 0.0410@2
epoch 10 val 0.0412 best 0.0410@2
epoch 11 val 0.0411 best 0.0410@2
epoch 12 val 0.0413 best 0.0410@2
epoch 13 val 0.0410 best 0.0410@2
epoch 14 val 0.0410 best 0.0410@2
epoch 15 val 0.0410 best 0.0410@2
epoch 16 val 0.0413 best 0.0410@2
epoch 17 val 0.0412 best 0.0410@2
epoch 18 val 0.0413 best 0.0410@2
epoch 19 val 0.0411 best 0.0410@2
epoch 20 val 0.0411 best 0.0410@2
epoch 21 val 0.0412 best 0.0410@2
epoch 22 val 0.0411 best 0.0410@2
epoch 23 val 0.0412 best 0.0410@2
epoch 24 val 0.0411 best 0.0410@2
epoch 25 val 0.0411 best 0.0410@2
epoch 26 val 0.0412 best 0.0410@2
epoch 27 val 0.0411 best 0.0410@2
epoch 28 val 0.0412 best 0.0410@2
epoch 29 val 0.0411 best 0.0410@2
epoch 30 val 0.0411 best 0.0410@2
DONE update 0.04099931177851913 skipped 0
