DROPPING non-finite cache tiles: {'train': 0, 'val': 1, 'test': 1}
finite check True True True sc 0.4851762354373932
/home/work/data/olmoearth/code/kurosiwo_pipeline.py:86: UserWarning: Converting a tensor with requires_grad=True to a scalar may lead to unexpected behavior.
Consider using tensor.detach() first. (Triggered internally at /__w/pytorch/pytorch/torch/csrc/autograd/generated/python_variable_methods.cpp:822.)
  if i==0 and ep==1: print("first batch loss",float(l),"grad norm",float(gn),flush=True)
first batch loss 0.2708715796470642 grad norm 0.9652620553970337
epoch 1 val 0.0377 best 0.0377@1
epoch 2 val 0.0382 best 0.0377@1
epoch 3 val 0.0379 best 0.0377@1
epoch 4 val 0.0383 best 0.0377@1
epoch 5 val 0.0394 best 0.0377@1
epoch 6 val 0.0387 best 0.0377@1
epoch 7 val 0.0398 best 0.0377@1
epoch 8 val 0.0411 best 0.0377@1
epoch 9 val 0.0419 best 0.0377@1
epoch 10 val 0.0410 best 0.0377@1
epoch 11 val 0.0432 best 0.0377@1
epoch 12 val 0.0415 best 0.0377@1
epoch 13 val 0.0408 best 0.0377@1
epoch 14 val 0.0419 best 0.0377@1
epoch 15 val 0.0415 best 0.0377@1
epoch 16 val 0.0415 best 0.0377@1
epoch 17 val 0.0412 best 0.0377@1
epoch 18 val 0.0425 best 0.0377@1
epoch 19 val 0.0437 best 0.0377@1
epoch 20 val 0.0427 best 0.0377@1
epoch 21 val 0.0428 best 0.0377@1
epoch 22 val 0.0426 best 0.0377@1
epoch 23 val 0.0426 best 0.0377@1
epoch 24 val 0.0428 best 0.0377@1
epoch 25 val 0.0429 best 0.0377@1
epoch 26 val 0.0429 best 0.0377@1
epoch 27 val 0.0432 best 0.0377@1
epoch 28 val 0.0433 best 0.0377@1
epoch 29 val 0.0432 best 0.0377@1
epoch 30 val 0.0432 best 0.0377@1
DONE update 0.037711358292623086 skipped 0
