2026-09-08T02:02:53Z export done
2026-09-08T04:26:07Z extraction rc=0
2026-09-08T04:44:58Z decoder s1 rc=0
2026-09-08T05:02:00Z decoder s2 rc=0
2026-09-08T05:16:47Z decoder s3 rc=0
2026-09-08T05:51:29Z update gru s1 rc=0
2026-09-08T06:51:32Z chain2 start (updaters rerun: lr 5e-4, clip 1.0, nan-skip; first attempt diverged to NaN)
2026-09-08T07:21:22Z update gru s1 rc=1
2026-09-08T07:46:26Z chain2 start (updaters rerun: lr 5e-4, clip 1.0, nan-skip; first attempt diverged to NaN)
2026-09-08T07:53:57Z chain2 start (updaters rerun: lr 5e-4, clip 1.0, nan-skip; first attempt diverged to NaN)
2026-09-08T08:37:41Z chain2 start (updaters rerun: lr 5e-4, clip 1.0, nan-skip; first attempt diverged to NaN)
2026-09-08T08:57:19Z update gru s1 rc=0
2026-09-08T09:31:13Z update gru s2 rc=0
2026-09-08T09:44:49Z update gru s3 rc=0
2026-09-08T10:01:10Z update gru_noobs s1 rc=0
2026-09-08T10:18:30Z update gru_noobs s2 rc=0
2026-09-08T10:35:58Z update gru_noobs s3 rc=0
2026-09-08T10:52:45Z update ema s1 rc=0
2026-09-08T11:07:41Z update ema s2 rc=0
2026-09-08T11:24:22Z update ema s3 rc=0
2026-09-08T11:36:33Z eval dec1 rc=0
2026-09-08T11:48:06Z eval dec2 rc=0
2026-09-08T12:04:31Z eval dec3 rc=0
2026-09-08T12:04:31Z KUROSIWO DONE
