{
  "claims_allowed": [
    "descriptive_representation_continuity_on_the_eight_prespecified_exact_inputs"
  ],
  "claims_forbidden": [
    "accuracy_improvement",
    "negative_transfer_reduction",
    "cloud_robustness",
    "korea_or_jeju_generalization",
    "backward_compatible_cache",
    "input_effect_vs_release_effect",
    "confidence_interval_or_population_significance"
  ],
  "exact_inputs_sha256": "bc149353a2fe0f1e9e0dd3b48a1445bba4c08ec4d08461c8ce9246f156039218",
  "limitations": [
    "Eight selected label-free site-years span only seven spatial clusters.",
    "Pixels and the 28 pairwise distances are not independent replicates.",
    "No raw cross-version cosine or learned alignment is reported.",
    "CKA, neighbor overlap, and rank preservation do not measure task utility.",
    "Only the legacy input recipe exists, so input-by-release contrasts are unavailable."
  ],
  "maximum_tokens_per_window": 256,
  "per_window_spatial_cka": {
    "excess_cka_over_shift_null": {
      "maximum": 0.5539376069342229,
      "mean": 0.2468999552745591,
      "minimum": 0.03649848383261786
    },
    "linear_cka": {
      "maximum": 0.8275639807458337,
      "mean": 0.4272416658645888,
      "minimum": 0.1333968937856222
    },
    "row_l2_normalized_linear_cka": {
      "maximum": 0.830874484825821,
      "mean": 0.45497397424303443,
      "minimum": 0.17022998322373034
    },
    "shift_null_median": {
      "maximum": 0.3448692126061732,
      "mean": 0.18034171059002968,
      "minimum": 0.09689840995300433
    }
  },
  "pooled_site_year_geometry": {
    "distance_tie_count": {
      "left": 0,
      "right": 0
    },
    "embedding_dimensions": {
      "left": 768,
      "right": 768
    },
    "leave_one_spatial_cluster_out": [
      {
        "left_out_spatial_cluster_id": "jeju-window-22528_-368640",
        "neighbor_overlap": {
          "1": 0.7142857142857143,
          "2": 1.0
        },
        "pairwise_euclidean_distance_spearman": 0.8376623376623377,
        "remaining_site_years": 7
      },
      {
        "left_out_spatial_cluster_id": "jeju-window-22528_-371712",
        "neighbor_overlap": {
          "1": 0.8571428571428571,
          "2": 1.0
        },
        "pairwise_euclidean_distance_spearman": 0.8987012987012987,
        "remaining_site_years": 7
      },
      {
        "left_out_spatial_cluster_id": "jeju-window-22528_-372736",
        "neighbor_overlap": {
          "1": 0.8571428571428571,
          "2": 1.0
        },
        "pairwise_euclidean_distance_spearman": 0.8792207792207792,
        "remaining_site_years": 7
      },
      {
        "left_out_spatial_cluster_id": "jeju-window-25600_-369664",
        "neighbor_overlap": {
          "1": 0.8571428571428571,
          "2": 0.9285714285714286
        },
        "pairwise_euclidean_distance_spearman": 0.9181818181818182,
        "remaining_site_years": 7
      },
      {
        "left_out_spatial_cluster_id": "jeju-window-26624_-369664",
        "neighbor_overlap": {
          "1": 0.6666666666666666,
          "2": 0.9166666666666666
        },
        "pairwise_euclidean_distance_spearman": 0.9571428571428572,
        "remaining_site_years": 6
      },
      {
        "left_out_spatial_cluster_id": "jeju-window-28672_-372736",
        "neighbor_overlap": {
          "1": 0.7142857142857143,
          "2": 1.0
        },
        "pairwise_euclidean_distance_spearman": 0.8558441558441559,
        "remaining_site_years": 7
      },
      {
        "left_out_spatial_cluster_id": "jeju-window-29696_-367616",
        "neighbor_overlap": {
          "1": 0.8571428571428571,
          "2": 1.0
        },
        "pairwise_euclidean_distance_spearman": 0.8831168831168831,
        "remaining_site_years": 7
      }
    ],
    "leave_one_spatial_cluster_out_range": {
      "neighbor_overlap": {
        "1": [
          0.6666666666666666,
          0.8571428571428571
        ],
        "2": [
          0.9166666666666666,
          1.0
        ]
      },
      "pairwise_euclidean_distance_spearman": [
        0.8376623376623377,
        0.9571428571428572
      ]
    },
    "neighbor_overlap": {
      "1": {
        "chance_corrected": 0.7083333333333334,
        "mean_fraction": 0.75,
        "per_identity_fraction": [
          1.0,
          1.0,
          1.0,
          1.0,
          1.0,
          1.0,
          0.0,
          0.0
        ],
        "random_expectation": 0.14285714285714285
      },
      "2": {
        "chance_corrected": 1.0,
        "mean_fraction": 1.0,
        "per_identity_fraction": [
          1.0,
          1.0,
          1.0,
          1.0,
          1.0,
          1.0,
          1.0,
          1.0
        ],
        "random_expectation": 0.2857142857142857
      }
    },
    "pairwise_euclidean_distance_spearman": 0.888888888888889,
    "pooled_linear_cka": 0.9807761276135618,
    "site_years": 8,
    "spatial_clusters": 7,
    "tie_rule": "stable sample_id order via mergesort"
  },
  "releases": [
    "olmoearth_v1_base",
    "olmoearth_v1_2_base"
  ],
  "run_summary_sha256": "9cefd903b344996b83a982b32beb4fa157bdf094e7bfc482ea51c3220436aefc",
  "sample_contract": {
    "input_recipes": 1,
    "labels": 0,
    "n_records": 8,
    "n_spatial_clusters": 7,
    "population_inference_allowed": false,
    "selected_extreme_smoke_set": true
  },
  "schema": "olmoearth-release-smoke-analysis-v1",
  "status": "complete"
}
