{
  "checks_passed": 758,
  "checks_total": 758,
  "claims_allowed": [
    "execution_and_evidence_chain_integrity",
    "descriptive_representation_continuity_on_the_eight_prespecified_exact_inputs"
  ],
  "claims_forbidden": [
    "accuracy_improvement",
    "negative_transfer_reduction",
    "cloud_robustness",
    "korea_or_jeju_generalization",
    "backward_compatible_cache"
  ],
  "failures": [],
  "missing_raw": [],
  "raw_bytes_checked": 7851565383,
  "raw_files_checked": 228,
  "raw_verification_required": true,
  "schema": "olmoearth-release-evidence-verification-v1",
  "status": "FULL_EVIDENCE_VERIFIED",
  "verified_identities": 8,
  "verified_releases": 2
}
