Loading weights:   0%|          | 0/355 [00:00<?, ?it/s]Loading weights: 100%|██████████| 355/355 [00:00<00:00, 5006.50it/s]
seed1 real 0/209 14s
seed1 real 40/209 16s
seed1 real 80/209 19s
seed1 real 120/209 21s
seed1 real 160/209 24s
seed1 real 200/209 26s
seed2 real 0/209 27s
seed2 real 40/209 30s
seed2 real 80/209 33s
seed2 real 120/209 36s
seed2 real 160/209 40s
seed2 real 200/209 45s
seed3 real 0/209 45s
seed3 real 40/209 49s
seed3 real 80/209 52s
seed3 real 120/209 54s
seed3 real 160/209 59s
seed3 real 200/209 63s
REPRODUCTION PASS {"1": {"landslide": {"n": 44, "reproduction_rate": 1.0, "parse_failure_rate": 0.0}, "flood": {"n": 165, "reproduction_rate": 1.0, "parse_failure_rate": 0.0}}, "2": {"landslide": {"n": 44, "reproduction_rate": 1.0, "parse_failure_rate": 0.0}, "flood": {"n": 165, "reproduction_rate": 1.0, "parse_failure_rate": 0.0}}, "3": {"landslide": {"n": 44, "reproduction_rate": 1.0, "parse_failure_rate": 0.0}, "flood": {"n": 165, "reproduction_rate": 1.0, "parse_failure_rate": 0.0}}}
seed1 earlier_only 0/158 64s
seed1 earlier_only 40/158 67s
seed1 earlier_only 80/158 72s
seed1 earlier_only 120/158 76s
seed1 later_only 0/209 80s
seed1 later_only 40/209 84s
seed1 later_only 80/209 87s
seed1 later_only 120/209 91s
seed1 later_only 160/209 95s
seed1 later_only 200/209 97s
seed1 repeat_earlier 0/158 100s
seed1 repeat_earlier 40/158 104s
seed1 repeat_earlier 80/158 108s
seed1 repeat_earlier 120/158 112s
seed1 repeat_later 0/209 114s
seed1 repeat_later 40/209 116s
seed1 repeat_later 80/209 120s
seed1 repeat_later 120/209 123s
seed1 repeat_later 160/209 125s
seed1 repeat_later 200/209 129s
seed1 no_delta 0/158 130s
seed1 no_delta 40/158 134s
seed1 no_delta 80/158 138s
seed1 no_delta 120/158 142s
seed1 reverse 0/158 144s
seed1 reverse 40/158 146s
seed1 reverse 80/158 149s
seed1 reverse 120/158 152s
seed2 earlier_only 0/158 154s
seed2 earlier_only 40/158 156s
seed2 earlier_only 80/158 159s
seed2 earlier_only 120/158 161s
seed2 later_only 0/209 163s
seed2 later_only 40/209 166s
seed2 later_only 80/209 168s
seed2 later_only 120/209 170s
seed2 later_only 160/209 173s
seed2 later_only 200/209 175s
seed2 repeat_earlier 0/158 175s
seed2 repeat_earlier 40/158 178s
seed2 repeat_earlier 80/158 180s
seed2 repeat_earlier 120/158 182s
seed2 repeat_later 0/209 185s
seed2 repeat_later 40/209 187s
seed2 repeat_later 80/209 189s
seed2 repeat_later 120/209 192s
seed2 repeat_later 160/209 194s
seed2 repeat_later 200/209 196s
seed2 no_delta 0/158 197s
seed2 no_delta 40/158 199s
seed2 no_delta 80/158 201s
seed2 no_delta 120/158 204s
seed2 reverse 0/158 206s
seed2 reverse 40/158 208s
seed2 reverse 80/158 211s
seed2 reverse 120/158 213s
seed3 earlier_only 0/158 215s
seed3 earlier_only 40/158 217s
seed3 earlier_only 80/158 220s
seed3 earlier_only 120/158 222s
seed3 later_only 0/209 224s
seed3 later_only 40/209 227s
seed3 later_only 80/209 229s
seed3 later_only 120/209 231s
seed3 later_only 160/209 234s
seed3 later_only 200/209 236s
seed3 repeat_earlier 0/158 237s
seed3 repeat_earlier 40/158 239s
seed3 repeat_earlier 80/158 241s
seed3 repeat_earlier 120/158 244s
seed3 repeat_later 0/209 246s
seed3 repeat_later 40/209 248s
seed3 repeat_later 80/209 251s
seed3 repeat_later 120/209 253s
seed3 repeat_later 160/209 255s
seed3 repeat_later 200/209 258s
seed3 no_delta 0/158 258s
seed3 no_delta 40/158 261s
seed3 no_delta 80/158 263s
seed3 no_delta 120/158 265s
seed3 reverse 0/158 267s
seed3 reverse 40/158 270s
seed3 reverse 80/158 272s
seed3 reverse 120/158 274s
E3 DONE history_sensitive_under_intervention
