2026-09-08T02:29:17Z gpu1 t1arch_holdout_hiroshima_gru_dt_s1 rc=0
2026-09-08T02:38:50Z gpu1 t1arch_holdout_hiroshima_gru_dt_s2 rc=0
2026-09-08T02:47:14Z gpu1 t1arch_holdout_hiroshima_gru_dt_s3 rc=0
2026-09-08T02:55:37Z gpu1 t1arch_holdout_hiroshima_gru_sp_s1 rc=0
2026-09-08T03:04:16Z gpu1 t1arch_holdout_hiroshima_gru_sp_s2 rc=0
2026-09-08T03:13:12Z gpu1 t1arch_holdout_hiroshima_gru_sp_s3 rc=0
2026-09-08T03:22:28Z gpu1 t1arch_holdout_hiroshima_xattn_s1 rc=0
2026-09-08T03:31:57Z gpu1 t1arch_holdout_hiroshima_xattn_s2 rc=0
2026-09-08T03:41:27Z gpu1 t1arch_holdout_hiroshima_xattn_s3 rc=0
2026-09-08T03:58:19Z gpu1 t1arch_holdout_thrissur_gru_dt_s1 rc=0
2026-09-08T04:13:15Z gpu1 t1arch_holdout_thrissur_gru_dt_s2 rc=0
2026-09-08T04:27:21Z gpu1 t1arch_holdout_thrissur_gru_dt_s3 rc=0
2026-09-08T04:43:30Z gpu1 t1arch_holdout_thrissur_gru_sp_s1 rc=0
2026-09-08T04:59:37Z gpu1 t1arch_holdout_thrissur_gru_sp_s2 rc=0
2026-09-08T05:13:59Z gpu1 t1arch_holdout_thrissur_gru_sp_s3 rc=0
2026-09-08T05:26:28Z gpu1 t1arch_holdout_thrissur_xattn_s1 rc=0
2026-09-08T05:41:27Z gpu1 t1arch_holdout_thrissur_xattn_s2 rc=0
2026-09-08T05:56:11Z gpu1 t1arch_holdout_thrissur_xattn_s3 rc=0
2026-09-08T06:06:26Z gpu1 t1arch_holdout_chimanimani_gru_dt_s1 rc=0
2026-09-08T06:12:42Z gpu1 t1arch_holdout_chimanimani_gru_dt_s2 rc=0
2026-09-08T06:19:01Z gpu1 t1arch_holdout_chimanimani_gru_dt_s3 rc=0
2026-09-08T06:25:08Z gpu1 t1arch_holdout_chimanimani_gru_sp_s1 rc=0
