Warning: You are sending unauthenticated requests to the HF Hub. Please set a HF_TOKEN to enable higher rate limits and faster downloads.
{"patch_id": "S2A_MSIL2A_20170613T101031_N9999_R022_T33UUP_26_57", "bands": ["B02", "B03", "B04", "B08", "B05", "B06", "B07", "B8A", "B11", "B12", "B01", "B09"], "original_shapes": {"B02": [120, 120], "B03": [120, 120], "B04": [120, 120], "B08": [120, 120], "B05": [60, 60], "B06": [60, 60], "B07": [60, 60], "B8A": [60, 60], "B11": [60, 60], "B12": [60, 60], "B01": [20, 20], "B09": [20, 20]}, "timestamp": "2017-06-13T10:10:31+00:00", "crs": "EPSG:32633", "bounds": [331200.0, 5330400.0, 332400.0, 5331600.0], "feature_shape": [30, 30, 768], "finite": true, "feature_std": 0.43106165528297424, "text_rows": 25}
{"patch_id": "S2A_MSIL2A_20170613T101031_N9999_R022_T33UUP_27_55", "bands": ["B02", "B03", "B04", "B08", "B05", "B06", "B07", "B8A", "B11", "B12", "B01", "B09"], "original_shapes": {"B02": [120, 120], "B03": [120, 120], "B04": [120, 120], "B08": [120, 120], "B05": [60, 60], "B06": [60, 60], "B07": [60, 60], "B8A": [60, 60], "B11": [60, 60], "B12": [60, 60], "B01": [20, 20], "B09": [20, 20]}, "timestamp": "2017-06-13T10:10:31+00:00", "crs": "EPSG:32633", "bounds": [332400.0, 5332800.0, 333600.0, 5334000.0], "feature_shape": [30, 30, 768], "finite": true, "feature_std": 0.43521544337272644, "text_rows": 24}
{"patch_id": "S2A_MSIL2A_20170613T101031_N9999_R022_T33UUP_27_56", "bands": ["B02", "B03", "B04", "B08", "B05", "B06", "B07", "B8A", "B11", "B12", "B01", "B09"], "original_shapes": {"B02": [120, 120], "B03": [120, 120], "B04": [120, 120], "B08": [120, 120], "B05": [60, 60], "B06": [60, 60], "B07": [60, 60], "B8A": [60, 60], "B11": [60, 60], "B12": [60, 60], "B01": [20, 20], "B09": [20, 20]}, "timestamp": "2017-06-13T10:10:31+00:00", "crs": "EPSG:32633", "bounds": [332400.0, 5331600.0, 333600.0, 5332800.0], "feature_shape": [30, 30, 768], "finite": true, "feature_std": 0.43016329407691956, "text_rows": 28}
{"patch_id": "S2A_MSIL2A_20170613T101031_N9999_R022_T33UUP_27_57", "bands": ["B02", "B03", "B04", "B08", "B05", "B06", "B07", "B8A", "B11", "B12", "B01", "B09"], "original_shapes": {"B02": [120, 120], "B03": [120, 120], "B04": [120, 120], "B08": [120, 120], "B05": [60, 60], "B06": [60, 60], "B07": [60, 60], "B8A": [60, 60], "B11": [60, 60], "B12": [60, 60], "B01": [20, 20], "B09": [20, 20]}, "timestamp": "2017-06-13T10:10:31+00:00", "crs": "EPSG:32633", "bounds": [332400.0, 5330400.0, 333600.0, 5331600.0], "feature_shape": [30, 30, 768], "finite": true, "feature_std": 0.4302021265029907, "text_rows": 28}
{"patch_id": "S2A_MSIL2A_20170613T101031_N9999_R022_T33UUP_27_58", "bands": ["B02", "B03", "B04", "B08", "B05", "B06", "B07", "B8A", "B11", "B12", "B01", "B09"], "original_shapes": {"B02": [120, 120], "B03": [120, 120], "B04": [120, 120], "B08": [120, 120], "B05": [60, 60], "B06": [60, 60], "B07": [60, 60], "B8A": [60, 60], "B11": [60, 60], "B12": [60, 60], "B01": [20, 20], "B09": [20, 20]}, "timestamp": "2017-06-13T10:10:31+00:00", "crs": "EPSG:32633", "bounds": [332400.0, 5329200.0, 333600.0, 5330400.0], "feature_shape": [30, 30, 768], "finite": true, "feature_std": 0.4294132590293884, "text_rows": 30}
{"patch_id": "S2A_MSIL2A_20170613T101031_N9999_R022_T33UUP_27_59", "bands": ["B02", "B03", "B04", "B08", "B05", "B06", "B07", "B8A", "B11", "B12", "B01", "B09"], "original_shapes": {"B02": [120, 120], "B03": [120, 120], "B04": [120, 120], "B08": [120, 120], "B05": [60, 60], "B06": [60, 60], "B07": [60, 60], "B8A": [60, 60], "B11": [60, 60], "B12": [60, 60], "B01": [20, 20], "B09": [20, 20]}, "timestamp": "2017-06-13T10:10:31+00:00", "crs": "EPSG:32633", "bounds": [332400.0, 5328000.0, 333600.0, 5329200.0], "feature_shape": [30, 30, 768], "finite": true, "feature_std": 0.4293642044067383, "text_rows": 27}
{"patch_id": "S2A_MSIL2A_20170613T101031_N9999_R022_T33UUP_27_60", "bands": ["B02", "B03", "B04", "B08", "B05", "B06", "B07", "B8A", "B11", "B12", "B01", "B09"], "original_shapes": {"B02": [120, 120], "B03": [120, 120], "B04": [120, 120], "B08": [120, 120], "B05": [60, 60], "B06": [60, 60], "B07": [60, 60], "B8A": [60, 60], "B11": [60, 60], "B12": [60, 60], "B01": [20, 20], "B09": [20, 20]}, "timestamp": "2017-06-13T10:10:31+00:00", "crs": "EPSG:32633", "bounds": [332400.0, 5326800.0, 333600.0, 5328000.0], "feature_shape": [30, 30, 768], "finite": true, "feature_std": 0.4313504099845886, "text_rows": 27}
{"patch_id": "S2A_MSIL2A_20170613T101031_N9999_R022_T33UUP_27_61", "bands": ["B02", "B03", "B04", "B08", "B05", "B06", "B07", "B8A", "B11", "B12", "B01", "B09"], "original_shapes": {"B02": [120, 120], "B03": [120, 120], "B04": [120, 120], "B08": [120, 120], "B05": [60, 60], "B06": [60, 60], "B07": [60, 60], "B8A": [60, 60], "B11": [60, 60], "B12": [60, 60], "B01": [20, 20], "B09": [20, 20]}, "timestamp": "2017-06-13T10:10:31+00:00", "crs": "EPSG:32633", "bounds": [332400.0, 5325600.0, 333600.0, 5326800.0], "feature_shape": [30, 30, 768], "finite": true, "feature_std": 0.4312906563282013, "text_rows": 23}
{
  "device": "NVIDIA H200",
  "model_id": "OlmoEarth-v1-Base",
  "seconds_including_load": 5.170455656945705,
  "peak_allocated_gib": 0.6066131591796875,
  "n": 8,
  "all_finite": true,
  "rows": [
    {
      "patch_id": "S2A_MSIL2A_20170613T101031_N9999_R022_T33UUP_26_57",
      "bands": [
        "B02",
        "B03",
        "B04",
        "B08",
        "B05",
        "B06",
        "B07",
        "B8A",
        "B11",
        "B12",
        "B01",
        "B09"
      ],
      "original_shapes": {
        "B02": [
          120,
          120
        ],
        "B03": [
          120,
          120
        ],
        "B04": [
          120,
          120
        ],
        "B08": [
          120,
          120
        ],
        "B05": [
          60,
          60
        ],
        "B06": [
          60,
          60
        ],
        "B07": [
          60,
          60
        ],
        "B8A": [
          60,
          60
        ],
        "B11": [
          60,
          60
        ],
        "B12": [
          60,
          60
        ],
        "B01": [
          20,
          20
        ],
        "B09": [
          20,
          20
        ]
      },
      "timestamp": "2017-06-13T10:10:31+00:00",
      "crs": "EPSG:32633",
      "bounds": [
        331200.0,
        5330400.0,
        332400.0,
        5331600.0
      ],
      "feature_shape": [
        30,
        30,
        768
      ],
      "finite": true,
      "feature_std": 0.43106165528297424,
      "text_rows": 25
    },
    {
      "patch_id": "S2A_MSIL2A_20170613T101031_N9999_R022_T33UUP_27_55",
      "bands": [
        "B02",
        "B03",
        "B04",
        "B08",
        "B05",
        "B06",
        "B07",
        "B8A",
        "B11",
        "B12",
        "B01",
        "B09"
      ],
      "original_shapes": {
        "B02": [
          120,
          120
        ],
        "B03": [
          120,
          120
        ],
        "B04": [
          120,
          120
        ],
        "B08": [
          120,
          120
        ],
        "B05": [
          60,
          60
        ],
        "B06": [
          60,
          60
        ],
        "B07": [
          60,
          60
        ],
        "B8A": [
          60,
          60
        ],
        "B11": [
          60,
          60
        ],
        "B12": [
          60,
          60
        ],
        "B01": [
          20,
          20
        ],
        "B09": [
          20,
          20
        ]
      },
      "timestamp": "2017-06-13T10:10:31+00:00",
      "crs": "EPSG:32633",
      "bounds": [
        332400.0,
        5332800.0,
        333600.0,
        5334000.0
      ],
      "feature_shape": [
        30,
        30,
        768
      ],
      "finite": true,
      "feature_std": 0.43521544337272644,
      "text_rows": 24
    },
    {
      "patch_id": "S2A_MSIL2A_20170613T101031_N9999_R022_T33UUP_27_56",
      "bands": [
        "B02",
        "B03",
        "B04",
        "B08",
        "B05",
        "B06",
        "B07",
        "B8A",
        "B11",
        "B12",
        "B01",
        "B09"
      ],
      "original_shapes": {
        "B02": [
          120,
          120
        ],
        "B03": [
          120,
          120
        ],
        "B04": [
          120,
          120
        ],
        "B08": [
          120,
          120
        ],
        "B05": [
          60,
          60
        ],
        "B06": [
          60,
          60
        ],
        "B07": [
          60,
          60
        ],
        "B8A": [
          60,
          60
        ],
        "B11": [
          60,
          60
        ],
        "B12": [
          60,
          60
        ],
        "B01": [
          20,
          20
        ],
        "B09": [
          20,
          20
        ]
      },
      "timestamp": "2017-06-13T10:10:31+00:00",
      "crs": "EPSG:32633",
      "bounds": [
        332400.0,
        5331600.0,
        333600.0,
        5332800.0
      ],
      "feature_shape": [
        30,
        30,
        768
      ],
      "finite": true,
      "feature_std": 0.43016329407691956,
      "text_rows": 28
    },
    {
      "patch_id": "S2A_MSIL2A_20170613T101031_N9999_R022_T33UUP_27_57",
      "bands": [
        "B02",
        "B03",
        "B04",
        "B08",
        "B05",
        "B06",
        "B07",
        "B8A",
        "B11",
        "B12",
        "B01",
        "B09"
      ],
      "original_shapes": {
        "B02": [
          120,
          120
        ],
        "B03": [
          120,
          120
        ],
        "B04": [
          120,
          120
        ],
        "B08": [
          120,
          120
        ],
        "B05": [
          60,
          60
        ],
        "B06": [
          60,
          60
        ],
        "B07": [
          60,
          60
        ],
        "B8A": [
          60,
          60
        ],
        "B11": [
          60,
          60
        ],
        "B12": [
          60,
          60
        ],
        "B01": [
          20,
          20
        ],
        "B09": [
          20,
          20
        ]
      },
      "timestamp": "2017-06-13T10:10:31+00:00",
      "crs": "EPSG:32633",
      "bounds": [
        332400.0,
        5330400.0,
        333600.0,
        5331600.0
      ],
      "feature_shape": [
        30,
        30,
        768
      ],
      "finite": true,
      "feature_std": 0.4302021265029907,
      "text_rows": 28
    },
    {
      "patch_id": "S2A_MSIL2A_20170613T101031_N9999_R022_T33UUP_27_58",
      "bands": [
        "B02",
        "B03",
        "B04",
        "B08",
        "B05",
        "B06",
        "B07",
        "B8A",
        "B11",
        "B12",
        "B01",
        "B09"
      ],
      "original_shapes": {
        "B02": [
          120,
          120
        ],
        "B03": [
          120,
          120
        ],
        "B04": [
          120,
          120
        ],
        "B08": [
          120,
          120
        ],
        "B05": [
          60,
          60
        ],
        "B06": [
          60,
          60
        ],
        "B07": [
          60,
          60
        ],
        "B8A": [
          60,
          60
        ],
        "B11": [
          60,
          60
        ],
        "B12": [
          60,
          60
        ],
        "B01": [
          20,
          20
        ],
        "B09": [
          20,
          20
        ]
      },
      "timestamp": "2017-06-13T10:10:31+00:00",
      "crs": "EPSG:32633",
      "bounds": [
        332400.0,
        5329200.0,
        333600.0,
        5330400.0
      ],
      "feature_shape": [
        30,
        30,
        768
      ],
      "finite": true,
      "feature_std": 0.4294132590293884,
      "text_rows": 30
    },
    {
      "patch_id": "S2A_MSIL2A_20170613T101031_N9999_R022_T33UUP_27_59",
      "bands": [
        "B02",
        "B03",
        "B04",
        "B08",
        "B05",
        "B06",
        "B07",
        "B8A",
        "B11",
        "B12",
        "B01",
        "B09"
      ],
      "original_shapes": {
        "B02": [
          120,
          120
        ],
        "B03": [
          120,
          120
        ],
        "B04": [
          120,
          120
        ],
        "B08": [
          120,
          120
        ],
        "B05": [
          60,
          60
        ],
        "B06": [
          60,
          60
        ],
        "B07": [
          60,
          60
        ],
        "B8A": [
          60,
          60
        ],
        "B11": [
          60,
          60
        ],
        "B12": [
          60,
          60
        ],
        "B01": [
          20,
          20
        ],
        "B09": [
          20,
          20
        ]
      },
      "timestamp": "2017-06-13T10:10:31+00:00",
      "crs": "EPSG:32633",
      "bounds": [
        332400.0,
        5328000.0,
        333600.0,
        5329200.0
      ],
      "feature_shape": [
        30,
        30,
        768
      ],
      "finite": true,
      "feature_std": 0.4293642044067383,
      "text_rows": 27
    },
    {
      "patch_id": "S2A_MSIL2A_20170613T101031_N9999_R022_T33UUP_27_60",
      "bands": [
        "B02",
        "B03",
        "B04",
        "B08",
        "B05",
        "B06",
        "B07",
        "B8A",
        "B11",
        "B12",
        "B01",
        "B09"
      ],
      "original_shapes": {
        "B02": [
          120,
          120
        ],
        "B03": [
          120,
          120
        ],
        "B04": [
          120,
          120
        ],
        "B08": [
          120,
          120
        ],
        "B05": [
          60,
          60
        ],
        "B06": [
          60,
          60
        ],
        "B07": [
          60,
          60
        ],
        "B8A": [
          60,
          60
        ],
        "B11": [
          60,
          60
        ],
        "B12": [
          60,
          60
        ],
        "B01": [
          20,
          20
        ],
        "B09": [
          20,
          20
        ]
      },
      "timestamp": "2017-06-13T10:10:31+00:00",
      "crs": "EPSG:32633",
      "bounds": [
        332400.0,
        5326800.0,
        333600.0,
        5328000.0
      ],
      "feature_shape": [
        30,
        30,
        768
      ],
      "finite": true,
      "feature_std": 0.4313504099845886,
      "text_rows": 27
    },
    {
      "patch_id": "S2A_MSIL2A_20170613T101031_N9999_R022_T33UUP_27_61",
      "bands": [
        "B02",
        "B03",
        "B04",
        "B08",
        "B05",
        "B06",
        "B07",
        "B8A",
        "B11",
        "B12",
        "B01",
        "B09"
      ],
      "original_shapes": {
        "B02": [
          120,
          120
        ],
        "B03": [
          120,
          120
        ],
        "B04": [
          120,
          120
        ],
        "B08": [
          120,
          120
        ],
        "B05": [
          60,
          60
        ],
        "B06": [
          60,
          60
        ],
        "B07": [
          60,
          60
        ],
        "B8A": [
          60,
          60
        ],
        "B11": [
          60,
          60
        ],
        "B12": [
          60,
          60
        ],
        "B01": [
          20,
          20
        ],
        "B09": [
          20,
          20
        ]
      },
      "timestamp": "2017-06-13T10:10:31+00:00",
      "crs": "EPSG:32633",
      "bounds": [
        332400.0,
        5325600.0,
        333600.0,
        5326800.0
      ],
      "feature_shape": [
        30,
        30,
        768
      ],
      "finite": true,
      "feature_std": 0.4312906563282013,
      "text_rows": 23
    }
  ],
  "claim": "native raw-band plus exact text-ID execution contract only; not language alignment or accuracy"
}
